GNU Tool Chain  

Linker command line:

--edf=C:\Program Files (x86)\CCompiler\Compiler\data\dat\en_msgs.txt -cs \
  -h+100a_scr_regulator.sym --cmf=100a_scr_regulator.cmf -z -QFT61F14X \
  -oC:\Users\TANGZU~1\AppData\Local\Temp\siko.2 -M100a_scr_regulator.map \
  -E1 -ver=XC8 -ASTACK=02033h-021efh -pstack=STACK -ACODE=00h-07FFhx2 \
  -ASTRCODE=00h-0FFFh -ASTRING=00h-0FFhx16 -ACONST=00h-0FFhx16 \
  -AENTRY=00h-0FFhx16 -ACOMMON=070h-07Fh -ABANK0=020h-06Fh \
  -ABANK1=0A0h-0EFh -ABANK2=0120h-016Fh -ABANK3=01A0h-01EFh \
  -ABANK4=0220h-026Fh -ABANK5=02A0h-02EFh -ABANK6=0320h-032Fh \
  -ABIGRAM=02000h-021EFh \
  -ARAM=020h-06Fh,0A0h-0EFh,0120h-016Fh,01A0h-01EFh,0220h-026Fh,02A0h-02EFh,0320h-032Fh \
  -AABS1=020h-07Fh,0A0h-0EFh,0120h-016Fh,01A0h-01EFh,0220h-026Fh,02A0h-02EFh,0320h-032Fh \
  -ASFR0=00h-01Fh -ASFR1=080h-09Fh -ASFR2=0100h-011Fh -ASFR3=0180h-019Fh \
  -ASFR4=0200h-021Fh -ASFR5=0280h-029Fh -ASFR6=0300h-031Fh \
  -ASFR7=0380h-03EFh -ASFR8=0400h-046Fh -ASFR9=0480h-04EFh \
  -ASFR10=0500h-056Fh -ASFR11=0580h-05EFh -ASFR12=0600h-066Fh \
  -ASFR13=0680h-06EFh -ASFR14=0700h-076Fh -ASFR15=0780h-07EFh \
  -ASFR16=0800h-086Fh -ASFR17=0880h-08EFh -ASFR18=0900h-096Fh \
  -ASFR19=0980h-09EFh -ASFR20=0A00h-0A6Fh -ASFR21=0A80h-0AEFh \
  -ASFR22=0B00h-0B6Fh -ASFR23=0B80h-0BEFh -ASFR24=0C00h-0C6Fh \
  -ASFR25=0C80h-0CEFh -ASFR26=0D00h-0D6Fh -ASFR27=0D80h-0DEFh \
  -ASFR28=0E00h-0E6Fh -ASFR29=0E80h-0EEFh -ASFR30=0F00h-0F6Fh \
  -ASFR31=0F80h-0FEFh -preset_vec=00h,intentry=04h,init,end_init \
  -ppowerup=CODE -pcinit=CODE -pfunctab=ENTRY -ACONFIG=08007h-08008h \
  -pconfig=CONFIG -DCONFIG=2 -AIDLOC=08000h-08003h -pidloc=IDLOC -DIDLOC=2 \
  -AEEDATA=00h-07Fh/0F000h -peeprom_data=EEDATA -DEEDATA=2 -DCODE=2 \
  -DSTRCODE=2 -DSTRING=2 -DCONST=2 -DENTRY=2 -k \
  C:\Users\TANGZU~1\AppData\Local\Temp\siko.obj 100a_scr_regulator.obj 

Object code version is 3.11

Machine type is FT61F14X



                Name                               Link     Load   Length Selector   Space Scale
C:\Users\TANGZU~1\AppData\Local\Temp\siko.obj
                end_init                             20       20        2        8       0
                reset_vec                             0        0        2        0       0
100a_scr_regulator.obj
                cinit                                22       22        D        8       0
                intentry                              4        4       1C        8       0
                text24                              429      429      17E        8       0
                swtext1                             5E6      5E6       14      BCC       0
                text6                               5D1      5D1       15      BA2       0
                text1                               5FA      5FA        E      BF4       0
                maintext                             2F       2F      3FA        8       0
                cstackBANK0                          3F       3F       13       20       1
                cstackCOMMON                         72       72        C       72       1
                clrtext                             608      608        6      BF4       0
                dataBANK0                            52       52        1       20       1
                bssBANK0                             20       20       1F       20       1
                stringtext1                         5A7      5A7       2A      B4E       0

TOTAL           Name                               Link     Load   Length     Space
        CLASS   STACK          

        CLASS   CODE           
                end_init                             20       20        2         0
                cinit                                22       22        D         0
                intentry                              4        4       1C         0
                reset_vec                             0        0        2         0
                text24                              429      429      17E         0
                text6                               5D1      5D1       15         0
                text1                               5FA      5FA        E         0
                maintext                             2F       2F      3FA         0
                clrtext                             608      608        6         0

        CLASS   STRCODE        
                stringtext1                         5A7      5A7       2A         0

        CLASS   STRING         

        CLASS   CONST          
                swtext1                             5E6      5E6       14         0

        CLASS   ENTRY          

        CLASS   COMMON         
                cstackCOMMON                         72       72        C         1

        CLASS   BANK0          
                cstackBANK0                          3F       3F       13         1
                dataBANK0                            52       52        1         1
                bssBANK0                             20       20       1F         1

        CLASS   BANK1          

        CLASS   BANK2          

        CLASS   BANK3          

        CLASS   BANK4          

        CLASS   BANK5          

        CLASS   BANK6          

        CLASS   BIGRAM         

        CLASS   RAM            

        CLASS   ABS1           
                abs_s1                               70       70        2         1
                abs_s1                               7E       7E        2         1

        CLASS   SFR0           

        CLASS   SFR1           

        CLASS   SFR2           

        CLASS   SFR3           

        CLASS   SFR4           

        CLASS   SFR5           

        CLASS   SFR6           

        CLASS   SFR7           

        CLASS   SFR8           

        CLASS   SFR9           

        CLASS   SFR10          

        CLASS   SFR11          

        CLASS   SFR12          

        CLASS   SFR13          

        CLASS   SFR14          

        CLASS   SFR15          

        CLASS   SFR16          

        CLASS   SFR17          

        CLASS   SFR18          

        CLASS   SFR19          

        CLASS   SFR20          

        CLASS   SFR21          

        CLASS   SFR22          

        CLASS   SFR23          

        CLASS   SFR24          

        CLASS   SFR25          

        CLASS   SFR26          

        CLASS   SFR27          

        CLASS   SFR28          

        CLASS   SFR29          

        CLASS   SFR30          

        CLASS   SFR31          

        CLASS   CONFIG         

        CLASS   IDLOC          

        CLASS   EEDATA         

        CLASS   BANK31         

        CLASS   BANK30         

        CLASS   BANK29         

        CLASS   BANK28         

        CLASS   BANK27         

        CLASS   BANK26         

        CLASS   BANK25         

        CLASS   BANK24         

        CLASS   BANK23         

        CLASS   BANK22         

        CLASS   BANK21         

        CLASS   BANK20         

        CLASS   BANK19         

        CLASS   BANK18         

        CLASS   BANK17         

        CLASS   BANK16         

        CLASS   BANK15         

        CLASS   BANK14         

        CLASS   BANK13         

        CLASS   BANK12         

        CLASS   BANK11         

        CLASS   BANK10         

        CLASS   BANK9          

        CLASS   BANK8          

        CLASS   BANK7          



SEGMENTS        Name                           Load    Length   Top    Selector   Space  Class     Delta

                reset_vec                      000000  000002  000002         0       0  CODE        2
                intentry                       000004  0005A3  0005A7         8       0  CODE        2
                bssBANK0                       000020  000033  000053        20       1  BANK0       1
                cstackCOMMON                   000072  00000C  00007E        72       1  COMMON      1
                stringtext1                    0005A7  00002A  0005D1       B4E       0  STRCODE     2
                text6                          0005D1  000015  0005E6       BA2       0  CODE        2
                swtext1                        0005E6  000014  0005FA       BCC       0  CONST       2
                text1                          0005FA  000014  00060E       BF4       0  CODE        2


UNUSED ADDRESS RANGES

        Name                Unused          Largest block    Delta
        BANK0            0053-006F             1D           1
        BANK1            00A0-00EF             50           1
        BANK2            0120-016F             50           1
        BANK3            01A0-01EF             50           1
        BANK4            0220-026F             50           1
        BANK5            02A0-02EF             50           1
        BANK6            0320-032F             10           1
        BIGRAM           2000-21EF            1F0           1
        CODE             0002-0003              2           2
                         060E-0FFF            1F2
        CONFIG           8007-8008              2           2
        CONST            0002-0003              2           2
                         060E-0FFF            100
        EEDATA           F000-F07F             80           2
        ENTRY            0002-0003              2           2
                         060E-0FFF            100
        IDLOC            8000-8003              4           2
        RAM              0053-006F             1D           1
                         00A0-00EF             50
                         0120-016F             50
                         01A0-01EF             50
                         0220-026F             50
                         02A0-02EF             50
                         0320-032F             10
        SFR0             0000-001F             20           1
        SFR1             0080-009F             20           1
        SFR10            0500-056F             70           1
        SFR11            0580-05EF             70           1
        SFR12            0600-066F             70           1
        SFR13            0680-06EF             70           1
        SFR14            0700-076F             70           1
        SFR15            0780-07EF             70           1
        SFR16            0800-086F             70           1
        SFR17            0880-08EF             70           1
        SFR18            0900-096F             70           1
        SFR19            0980-09EF             70           1
        SFR2             0100-011F             20           1
        SFR20            0A00-0A6F             70           1
        SFR21            0A80-0AEF             70           1
        SFR22            0B00-0B6F             70           1
        SFR23            0B80-0BEF             70           1
        SFR24            0C00-0C6F             70           1
        SFR25            0C80-0CEF             70           1
        SFR26            0D00-0D6F             70           1
        SFR27            0D80-0DEF             70           1
        SFR28            0E00-0E6F             70           1
        SFR29            0E80-0EEF             70           1
        SFR3             0180-019F             20           1
        SFR30            0F00-0F6F             70           1
        SFR31            0F80-0FEF             70           1
        SFR4             0200-021F             20           1
        SFR5             0280-029F             20           1
        SFR6             0300-031F             20           1
        SFR7             0380-03EF             70           1
        SFR8             0400-046F             70           1
        SFR9             0480-04EF             70           1
        STACK            2033-21EF            1BD           1
        STRCODE          0002-0003              2           2
                         060E-0FFF            9F2
        STRING           0002-0003              2           2
                         060E-0FFF            100

                                  Symbol Table

?_SCR_LookupAngle                 cstackCOMMON 007A
?___awdiv                         cstackBANK0  0041
?___lwdiv                         cstackBANK0  0041
?___lwmod                         cstackBANK0  0041
?___wmul                          cstackBANK0  0048
?i1___awdiv                       cstackCOMMON 0072
Buzzer_Toggle@div                 bssBANK0     0030
DelayShort@i                      cstackBANK0  0043
DelayShort@j                      cstackBANK0  0045
DelayShort@n                      cstackBANK0  0041
Display_Update@bai                cstackBANK0  0048
Display_Update@ge                 cstackBANK0  004A
Display_Update@shi                cstackBANK0  0049
Display_Update@val                cstackBANK0  004B
EEPROM_Read@addr                  cstackBANK0  0041
EEPROM_Write@addr                 cstackBANK0  0042
EEPROM_Write@data                 cstackBANK0  0041
IR_Sample@cur_level               cstackCOMMON 0073
IR_Sample@sample                  cstackCOMMON 0074
KEY_Process@target                cstackBANK0  004C
KEY_Scan@confirmed                bssBANK0     0026
KEY_Scan@key_time                 bssBANK0     0020
KEY_Scan@state                    bssBANK0     0029
KEY_Scan@temp                     bssBANK0     0028
KEY_Scan@temp2                    bssBANK0     0027
PL10                              maintext     0407
PL12                              maintext     040C
PL14                              maintext     0412
PL2                               maintext     03E9
PL4                               maintext     03F3
PL6                               maintext     03F9
PL8                               maintext     0401
SCR_LookupAngle@dis_num           cstackBANK0  003F
SCR_LookupAngle@idx               cstackBANK0  0040
Seg_Set@digit                     cstackBANK0  0041
Storage_Init@backup_val           cstackBANK0  0050
Storage_Init@init_flag            cstackBANK0  004E
Storage_Init@main_val             cstackBANK0  004F
Storage_SaveOnPowerLoss@save_val  cstackBANK0  004C
_ANSELA                           (abs)        0197
_AngleTable                       stringtext1  05A7
_BSR_TMP                          (abs)        0071
_Buzzer_Beep                      maintext     011C
_Buzzer_Tick                      text24       0465
_Buzzer_Toggle                    text24       0472
_CFGS                             (abs)        0CAE
_CKOCON                           (abs)        0095
_DIAO_DIAN                        bssBANK0     0034
_DIS_NUM                          bssBANK0     0024
_DIS_NUM_TEMP                     bssBANK0     003B
_DelayShort                       maintext     028F
_Device_Init                      maintext     02EE
_Display_Off                      maintext     0322
_Display_Update                   maintext     01FB
_EEADRL                           (abs)        0191
_EECON2                           (abs)        0196
_EEDATL                           (abs)        0193
_EEIF                             (abs)        005A
_EEPGD                            (abs)        0CAF
_EEPROM_Read                      maintext     01ED
_EEPROM_Write                     maintext     01CE
_EPIE0                            (abs)        0094
_EPIF0                            (abs)        0014
_EPS0                             (abs)        0118
_GIE                              (abs)        005F
_INTCON                           (abs)        000B
_IO_Int_Init                      maintext     0328
_IR_OK                            bssBANK0     0032
_IR_Process                       maintext     0330
_IR_Sample                        text24       0482
_IR_code                          bssBANK0     0031
_ISR                              intentry     0004
_ITYPE0                           (abs)        011E
_KEY_ON_num                       bssBANK0     0037
_KEY_Process                      maintext     00A1
_KEY_Scan                         maintext     0368
_KeyPress                         bssBANK0     0039
_LATA0                            (abs)        0860
_LATA2                            (abs)        0862
_LATA3                            (abs)        0863
_LATA5                            (abs)        0865
_LATA6                            (abs)        0866
_LATA7                            (abs)        0867
_LATB0                            (abs)        0868
_LATB3                            (abs)        086B
_LATB4                            (abs)        086C
_LATB6                            (abs)        086E
_LATB7                            (abs)        086F
_LATC1                            (abs)        0871
_LED_DIS                          bssBANK0     003E
_MISC0                            (abs)        019D
_OSCCON                           (abs)        0099
_PORTA                            (abs)        000C
_PORTB                            (abs)        000D
_PORTC                            (abs)        000E
_PSINK0                           (abs)        019A
_PSINK1                           (abs)        019B
_PSINK2                           (abs)        019C
_PSRC0                            (abs)        011A
_PSRC1                            (abs)        011B
_PSRC2                            (abs)        011C
_RA4                              (abs)        0064
_RB2                              (abs)        006A
_RB5                              (abs)        006D
_RC0                              (abs)        0070
_RD                               (abs)        0CA8
_SCR_LookupAngle                  text24       0506
_SCR_OnZeroCross                  text24       04CA
_SOFT                             bssBANK0     003D
_SOFT_FLAG                        bssBANK0     003C
_Seg_Set                          maintext     024E
_SoftStart_Process                text24       0571
_Storage_Init                     maintext     016F
_Storage_SaveOnPowerLoss          maintext     0077
_T1CEN                            (abs)        1088
_T1UIE                            (abs)        10A8
_T1UIF                            (abs)        10B0
_T2CEN                            (abs)        1860
_T2UIE                            (abs)        1868
_T2UIF                            (abs)        1870
_T4CEN                            (abs)        0888
_T4UIE                            (abs)        0890
_T4UIF                            (abs)        0898
_TCKSRC                           (abs)        031F
_TIM1ARRH                         (abs)        0290
_TIM1ARRL                         (abs)        0291
_TIM1CNTRH                        (abs)        028C
_TIM1CNTRL                        (abs)        028D
_TIM1CR1                          (abs)        0211
_TIM1EGR                          (abs)        0218
_TIM1EN                           (abs)        04D1
_TIM1IER                          (abs)        0215
_TIM1PSCRH                        (abs)        028E
_TIM1PSCRL                        (abs)        028F
_TIM1SR1                          (abs)        0216
_TIM1SR2                          (abs)        0217
_TIM2ARRH                         (abs)        0319
_TIM2ARRL                         (abs)        031A
_TIM2CNTRH                        (abs)        0316
_TIM2CNTRL                        (abs)        0317
_TIM2CR1                          (abs)        030C
_TIM2EGR                          (abs)        0310
_TIM2EN                           (abs)        04D2
_TIM2IER                          (abs)        030D
_TIM2PSCR                         (abs)        0318
_TIM2SR1                          (abs)        030E
_TIM4ARR                          (abs)        0117
_TIM4CNTR                         (abs)        0115
_TIM4CR1                          (abs)        0111
_TIM4EN                           (abs)        04D3
_TIM4IER                          (abs)        0112
_TIM4PSCR                         (abs)        0116
_TRISA                            (abs)        008C
_TRISB                            (abs)        008D
_TRISC                            (abs)        008E
_Timer1_Init                      maintext     03CE
_Timer2_Init                      maintext     0416
_Timer4_Init                      text1        05FA
_USER_SET_VAL                     dataBANK0    0052
_WDTCON                           (abs)        0097
_WPDA                             (abs)        020C
_WPDB                             (abs)        020D
_WPDC                             (abs)        020E
_WPUA                             (abs)        018C
_WPUB                             (abs)        018D
_WPUC                             (abs)        018E
_WR                               (abs)        0CA9
_WREN                             (abs)        0CAA
_W_TMP                            (abs)        0070
__Habs1                           abs1         0000
__Hbank0                          bank0        0000
__Hbank1                          bank1        0000
__Hbank10                         bank10       0000
__Hbank11                         bank11       0000
__Hbank12                         bank12       0000
__Hbank13                         bank13       0000
__Hbank14                         bank14       0000
__Hbank15                         bank15       0000
__Hbank16                         bank16       0000
__Hbank17                         bank17       0000
__Hbank18                         bank18       0000
__Hbank19                         bank19       0000
__Hbank2                          bank2        0000
__Hbank20                         bank20       0000
__Hbank21                         bank21       0000
__Hbank22                         bank22       0000
__Hbank23                         bank23       0000
__Hbank24                         bank24       0000
__Hbank25                         bank25       0000
__Hbank26                         bank26       0000
__Hbank27                         bank27       0000
__Hbank28                         bank28       0000
__Hbank29                         bank29       0000
__Hbank3                          bank3        0000
__Hbank30                         bank30       0000
__Hbank31                         bank31       0000
__Hbank4                          bank4        0000
__Hbank5                          bank5        0000
__Hbank6                          bank6        0000
__Hbank7                          bank7        0000
__Hbank8                          bank8        0000
__Hbank9                          bank9        0000
__Hbigram                         bigram       0000
__HbssBANK0                       bssBANK0     0000
__Hcinit                          cinit        002F
__Hclrtext                        clrtext      0000
__Hcode                           code         0000
__Hcommon                         common       0000
__Hconfig                         config       0000
__HcstackBANK0                    cstackBANK0  0000
__HcstackCOMMON                   cstackCOMMON 0000
__HdataBANK0                      dataBANK0    0000
__Heeprom_data                    eeprom_data  0000
__Hend_init                       end_init     0022
__Hfunctab                        functab      0000
__HidataBANK0                     idataBANK0   0000
__Hidloc                          idloc        0000
__Hinit                           init         0020
__Hintentry                       intentry     0020
__Hmaintext                       maintext     0000
__Hpa_nodes0                      pa_nodes0    0000
__Hpowerup                        powerup      0000
__Hram                            ram          0000
__Hreset_vec                      reset_vec    0002
__Hsfr0                           sfr0         0000
__Hsfr1                           sfr1         0000
__Hsfr10                          sfr10        0000
__Hsfr11                          sfr11        0000
__Hsfr12                          sfr12        0000
__Hsfr13                          sfr13        0000
__Hsfr14                          sfr14        0000
__Hsfr15                          sfr15        0000
__Hsfr16                          sfr16        0000
__Hsfr17                          sfr17        0000
__Hsfr18                          sfr18        0000
__Hsfr19                          sfr19        0000
__Hsfr2                           sfr2         0000
__Hsfr20                          sfr20        0000
__Hsfr21                          sfr21        0000
__Hsfr22                          sfr22        0000
__Hsfr23                          sfr23        0000
__Hsfr24                          sfr24        0000
__Hsfr25                          sfr25        0000
__Hsfr26                          sfr26        0000
__Hsfr27                          sfr27        0000
__Hsfr28                          sfr28        0000
__Hsfr29                          sfr29        0000
__Hsfr3                           sfr3         0000
__Hsfr30                          sfr30        0000
__Hsfr31                          sfr31        0000
__Hsfr4                           sfr4         0000
__Hsfr5                           sfr5         0000
__Hsfr6                           sfr6         0000
__Hsfr7                           sfr7         0000
__Hsfr8                           sfr8         0000
__Hsfr9                           sfr9         0000
__Hspace_0                        (abs)        060E
__Hspace_1                        (abs)        007E
__Hspace_2                        (abs)        0000
__Hspace_3                        (abs)        0000
__Hstack                          stack        0000
__Hstrings                        strings      0000
__Hstringtext1                    stringtext1  0000
__Htext                           text         0000
__Labs1                           abs1         0000
__Lbank0                          bank0        0000
__Lbank1                          bank1        0000
__Lbank10                         bank10       0000
__Lbank11                         bank11       0000
__Lbank12                         bank12       0000
__Lbank13                         bank13       0000
__Lbank14                         bank14       0000
__Lbank15                         bank15       0000
__Lbank16                         bank16       0000
__Lbank17                         bank17       0000
__Lbank18                         bank18       0000
__Lbank19                         bank19       0000
__Lbank2                          bank2        0000
__Lbank20                         bank20       0000
__Lbank21                         bank21       0000
__Lbank22                         bank22       0000
__Lbank23                         bank23       0000
__Lbank24                         bank24       0000
__Lbank25                         bank25       0000
__Lbank26                         bank26       0000
__Lbank27                         bank27       0000
__Lbank28                         bank28       0000
__Lbank29                         bank29       0000
__Lbank3                          bank3        0000
__Lbank30                         bank30       0000
__Lbank31                         bank31       0000
__Lbank4                          bank4        0000
__Lbank5                          bank5        0000
__Lbank6                          bank6        0000
__Lbank7                          bank7        0000
__Lbank8                          bank8        0000
__Lbank9                          bank9        0000
__Lbigram                         bigram       0000
__LbssBANK0                       bssBANK0     0000
__Lcinit                          cinit        0022
__Lclrtext                        clrtext      0000
__Lcode                           code         0000
__Lcommon                         common       0000
__Lconfig                         config       0000
__LcstackBANK0                    cstackBANK0  0000
__LcstackCOMMON                   cstackCOMMON 0000
__LdataBANK0                      dataBANK0    0000
__Leeprom_data                    eeprom_data  0000
__Lend_init                       end_init     0020
__Lfunctab                        functab      0000
__LidataBANK0                     idataBANK0   0000
__Lidloc                          idloc        0000
__Linit                           init         0020
__Lintentry                       intentry     0004
__Lmaintext                       maintext     0000
__Lpa_nodes0                      pa_nodes0    0000
__Lpowerup                        powerup      0000
__Lram                            ram          0000
__Lreset_vec                      reset_vec    0000
__Lsfr0                           sfr0         0000
__Lsfr1                           sfr1         0000
__Lsfr10                          sfr10        0000
__Lsfr11                          sfr11        0000
__Lsfr12                          sfr12        0000
__Lsfr13                          sfr13        0000
__Lsfr14                          sfr14        0000
__Lsfr15                          sfr15        0000
__Lsfr16                          sfr16        0000
__Lsfr17                          sfr17        0000
__Lsfr18                          sfr18        0000
__Lsfr19                          sfr19        0000
__Lsfr2                           sfr2         0000
__Lsfr20                          sfr20        0000
__Lsfr21                          sfr21        0000
__Lsfr22                          sfr22        0000
__Lsfr23                          sfr23        0000
__Lsfr24                          sfr24        0000
__Lsfr25                          sfr25        0000
__Lsfr26                          sfr26        0000
__Lsfr27                          sfr27        0000
__Lsfr28                          sfr28        0000
__Lsfr29                          sfr29        0000
__Lsfr3                           sfr3         0000
__Lsfr30                          sfr30        0000
__Lsfr31                          sfr31        0000
__Lsfr4                           sfr4         0000
__Lsfr5                           sfr5         0000
__Lsfr6                           sfr6         0000
__Lsfr7                           sfr7         0000
__Lsfr8                           sfr8         0000
__Lsfr9                           sfr9         0000
__Lspace_0                        (abs)        0000
__Lspace_1                        (abs)        0000
__Lspace_2                        (abs)        0000
__Lspace_3                        (abs)        0000
__Lstack                          stack        0000
__Lstrings                        strings      0000
__Lstringtext1                    stringtext1  0000
__Ltext                           text         0000
__S0                              (abs)        060E
__S1                              (abs)        007E
__S2                              (abs)        0000
__S3                              (abs)        0000
___awdiv                          maintext     0123
___awdiv@counter                  cstackBANK0  0045
___awdiv@dividend                 cstackBANK0  0043
___awdiv@divisor                  cstackBANK0  0041
___awdiv@quotient                 cstackBANK0  0047
___awdiv@sign                     cstackBANK0  0046
___bmul                           maintext     0163
___bmul@multiplicand              cstackBANK0  0049
___bmul@multiplier                cstackBANK0  004B
___bmul@product                   cstackBANK0  004A
___int_sp                         stack        0000
___latbits                        (abs)        0001
___lwdiv                          maintext     02A9
___lwdiv@counter                  cstackBANK0  0047
___lwdiv@dividend                 cstackBANK0  0043
___lwdiv@divisor                  cstackBANK0  0041
___lwdiv@quotient                 cstackBANK0  0045
___lwmod                          maintext     02CE
___lwmod@counter                  cstackBANK0  0045
___lwmod@dividend                 cstackBANK0  0043
___lwmod@divisor                  cstackBANK0  0041
___sp                             stack        0000
___wmul                           text6        05D1
___wmul@multiplicand              cstackBANK0  004A
___wmul@multiplier                cstackBANK0  0048
___wmul@product                   cstackBANK0  004C
__end_ofPL10                      maintext     040C
__end_ofPL12                      maintext     0412
__end_ofPL14                      maintext     0416
__end_ofPL2                       maintext     03F3
__end_ofPL4                       maintext     03F9
__end_ofPL6                       maintext     0401
__end_ofPL8                       maintext     0407
__end_of_AngleTable               stringtext1  05D1
__end_of_Buzzer_Beep              maintext     0123
__end_of_Buzzer_Tick              text24       0472
__end_of_Buzzer_Toggle            text24       0482
__end_of_DelayShort               maintext     02A9
__end_of_Device_Init              maintext     0322
__end_of_Display_Off              maintext     0328
__end_of_Display_Update           maintext     024E
__end_of_EEPROM_Read              maintext     01FB
__end_of_EEPROM_Write             maintext     01ED
__end_of_IO_Int_Init              maintext     0330
__end_of_IR_Process               maintext     0368
__end_of_IR_Sample                text24       04CA
__end_of_ISR                      intentry     0020
__end_of_KEY_Process              maintext     011C
__end_of_KEY_Scan                 maintext     03CE
__end_of_SCR_LookupAngle          text24       0531
__end_of_SCR_OnZeroCross          text24       0506
__end_of_Seg_Set                  maintext     028F
__end_of_SoftStart_Process        text24       05A7
__end_of_Storage_Init             maintext     01CE
__end_of_Storage_SaveOnPowerLoss  maintext     00A1
__end_of_Timer1_Init              maintext     03E9
__end_of_Timer2_Init              maintext     0429
__end_of_Timer4_Init              text1        0608
__end_of___awdiv                  maintext     0163
__end_of___bmul                   maintext     016F
__end_of___lwdiv                  maintext     02CE
__end_of___lwmod                  maintext     02EE
__end_of___wmul                   text6        05E6
__end_of__initialization          cinit        002B
__end_of_main                     maintext     0077
__end_of_user_isr                 text24       0465
__end_ofi1___awdiv                text24       0571
__initialization                  cinit        0022
__pbssBANK0                       bssBANK0     0020
__pcstackBANK0                    cstackBANK0  003F
__pcstackCOMMON                   cstackCOMMON 0072
__pdataBANK0                      dataBANK0    0052
__pidataBANK0                     idataBANK0   0000
__pintentry                       intentry     0004
__pmaintext                       maintext     002F
__pstringtext1                    stringtext1  05A7
__pswtext1                        swtext1      05E6
__ptext1                          text1        05FA
__ptext10                         maintext     00A1
__ptext11                         maintext     0163
__ptext12                         maintext     0123
__ptext13                         maintext     0330
__ptext14                         maintext     011C
__ptext15                         maintext     0328
__ptext16                         maintext     01FB
__ptext17                         maintext     02CE
__ptext18                         maintext     02A9
__ptext19                         maintext     024E
__ptext2                          maintext     0416
__ptext20                         maintext     028F
__ptext21                         maintext     0322
__ptext22                         maintext     02EE
__ptext24                         text24       0429
__ptext25                         text24       0571
__ptext26                         text24       04CA
__ptext27                         text24       0506
__ptext28                         text24       0531
__ptext29                         text24       0482
__ptext3                          maintext     03CE
__ptext30                         text24       0472
__ptext31                         text24       0465
__ptext4                          maintext     0077
__ptext5                          maintext     016F
__ptext6                          text6        05D1
__ptext7                          maintext     01CE
__ptext8                          maintext     01ED
__ptext9                          maintext     0368
__size_of_Buzzer_Beep             (abs)        0000
__size_of_Buzzer_Tick             (abs)        0000
__size_of_Buzzer_Toggle           (abs)        0000
__size_of_DelayShort              (abs)        0000
__size_of_Device_Init             (abs)        0000
__size_of_Display_Off             (abs)        0000
__size_of_Display_Update          (abs)        0000
__size_of_EEPROM_Read             (abs)        0000
__size_of_EEPROM_Write            (abs)        0000
__size_of_IO_Int_Init             (abs)        0000
__size_of_IR_Process              (abs)        0000
__size_of_IR_Sample               (abs)        0000
__size_of_ISR                     (abs)        0000
__size_of_KEY_Process             (abs)        0000
__size_of_KEY_Scan                (abs)        0000
__size_of_SCR_LookupAngle         (abs)        0000
__size_of_SCR_OnZeroCross         (abs)        0000
__size_of_Seg_Set                 (abs)        0000
__size_of_SoftStart_Process       (abs)        0000
__size_of_Storage_Init            (abs)        0000
__size_of_Storage_SaveOnPowerLoss (abs)        0000
__size_of_Timer1_Init             (abs)        0000
__size_of_Timer2_Init             (abs)        0000
__size_of_Timer4_Init             (abs)        0000
__size_of___awdiv                 (abs)        0000
__size_of___bmul                  (abs)        0000
__size_of___lwdiv                 (abs)        0000
__size_of___lwmod                 (abs)        0000
__size_of___wmul                  (abs)        0000
__size_of_main                    (abs)        0000
__size_of_user_isr                (abs)        0000
__size_ofi1___awdiv               (abs)        0000
_bit_cnt                          bssBANK0     002E
_buzzer_count                     bssBANK0     0035
_buzzer_flag                      bssBANK0     0036
_data_byte                        bssBANK0     002D
_inc                              bssBANK0     0022
_key_count                        bssBANK0     0038
_main                             maintext     002F
_pin_last                         bssBANK0     002A
_power_loss_saved                 bssBANK0     0033
_sample_cnt                       bssBANK0     002F
_shift_reg                        bssBANK0     002C
_soft_start_timer                 bssBANK0     003A
_sync                             bssBANK0     002B
_user_isr                         text24       0429
btemp                             (abs)        007E
clear_ram0                        clrtext      0608
end_of_initialization             cinit        002B
i1___awdiv                        text24       0531
i1___awdiv@counter                cstackCOMMON 0076
i1___awdiv@dividend               cstackCOMMON 0074
i1___awdiv@divisor                cstackCOMMON 0072
i1___awdiv@quotient               cstackCOMMON 0078
i1___awdiv@sign                   cstackCOMMON 0077
int$flags                         (abs)        007E
intlevel0                         functab      0000
intlevel1                         functab      0000
intlevel2                         functab      0000
intlevel3                         functab      0000
intlevel4                         functab      0000
intlevel5                         functab      0000
reset_vec                         reset_vec    0000
stackhi                           (abs)        21EF
stacklo                           (abs)        2033
start                             init         0020
start_initialization              cinit        0022
wtemp0                            (abs)        007E


FUNCTION INFORMATION:

 *************** function _main *****************
 Defined at:
		line 66 in file "100A_SCR_Regulator.C"
 Parameters:    Size  Location     Type
		None
 Auto vars:     Size  Location     Type
		None
 Return value:  Size  Location     Type
                  1    wreg      void 
 Registers used:
		wreg, fsr0l, fsr0h, status,2, status,0, pclath, cstack
 Tracked objects:
		On entry : 
		On exit  : 
		Unchanged: 
 Data sizes:     COMMON   BANK0   BANK1   BANK2   BANK3   BANK4   BANK5   BANK6
      Params:         0       0       0       0       0       0       0       0
      Locals:         0       0       0       0       0       0       0       0
      Temps:          0       1       0       0       0       0       0       0
      Totals:         0       1       0       0       0       0       0       0
Total ram usage:        1 bytes
 Hardware stack levels required when called:    7
 This function calls:
		_Device_Init
		_Display_Off
		_Display_Update
		_IO_Int_Init
		_IR_Process
		_KEY_Process
		_KEY_Scan
		_Storage_Init
		_Storage_SaveOnPowerLoss
		_Timer1_Init
		_Timer2_Init
		_Timer4_Init
 This function is called by:
		Startup code after reset
 This function uses a non-reentrant model


 *************** function _Timer4_Init *****************
 Defined at:
		line 49 in file "hardware.c"
 Parameters:    Size  Location     Type
		None
 Auto vars:     Size  Location     Type
		None
 Return value:  Size  Location     Type
                  1    wreg      void 
 Registers used:
		wreg, status,2
 Tracked objects:
		On entry : 
		On exit  : 
		Unchanged: 
 Data sizes:     COMMON   BANK0   BANK1   BANK2   BANK3   BANK4   BANK5   BANK6
      Params:         0       0       0       0       0       0       0       0
      Locals:         0       0       0       0       0       0       0       0
      Temps:          0       0       0       0       0       0       0       0
      Totals:         0       0       0       0       0       0       0       0
Total ram usage:        0 bytes
 Hardware stack levels used:    1
 Hardware stack levels required when called:    5
 This function calls:
		Nothing
 This function is called by:
		_main
 This function uses a non-reentrant model


 *************** function _Timer2_Init *****************
 Defined at:
		line 89 in file "hardware.c"
 Parameters:    Size  Location     Type
		None
 Auto vars:     Size  Location     Type
		None
 Return value:  Size  Location     Type
                  1    wreg      void 
 Registers used:
		wreg, status,2
 Tracked objects:
		On entry : 
		On exit  : 
		Unchanged: 
 Data sizes:     COMMON   BANK0   BANK1   BANK2   BANK3   BANK4   BANK5   BANK6
      Params:         0       0       0       0       0       0       0       0
      Locals:         0       0       0       0       0       0       0       0
      Temps:          0       0       0       0       0       0       0       0
      Totals:         0       0       0       0       0       0       0       0
Total ram usage:        0 bytes
 Hardware stack levels used:    1
 Hardware stack levels required when called:    5
 This function calls:
		Nothing
 This function is called by:
		_main
 This function uses a non-reentrant model


 *************** function _Timer1_Init *****************
 Defined at:
		line 65 in file "hardware.c"
 Parameters:    Size  Location     Type
		None
 Auto vars:     Size  Location     Type
		None
 Return value:  Size  Location     Type
                  1    wreg      void 
 Registers used:
		wreg, status,2
 Tracked objects:
		On entry : 
		On exit  : 
		Unchanged: 
 Data sizes:     COMMON   BANK0   BANK1   BANK2   BANK3   BANK4   BANK5   BANK6
      Params:         0       0       0       0       0       0       0       0
      Locals:         0       0       0       0       0       0       0       0
      Temps:          0       0       0       0       0       0       0       0
      Totals:         0       0       0       0       0       0       0       0
Total ram usage:        0 bytes
 Hardware stack levels used:    1
 Hardware stack levels required when called:    5
 This function calls:
		Nothing
 This function is called by:
		_main
 This function uses a non-reentrant model


 *************** function _Storage_SaveOnPowerLoss *****************
 Defined at:
		line 48 in file "storage.c"
 Parameters:    Size  Location     Type
		None
 Auto vars:     Size  Location     Type
  save_val        1   13[BANK0 ] unsigned char 
 Return value:  Size  Location     Type
                  1    wreg      void 
 Registers used:
		wreg, status,2, status,0, pclath, cstack
 Tracked objects:
		On entry : 
		On exit  : 
		Unchanged: 
 Data sizes:     COMMON   BANK0   BANK1   BANK2   BANK3   BANK4   BANK5   BANK6
      Params:         0       0       0       0       0       0       0       0
      Locals:         0       1       0       0       0       0       0       0
      Temps:          0       0       0       0       0       0       0       0
      Totals:         0       1       0       0       0       0       0       0
Total ram usage:        1 bytes
 Hardware stack levels used:    1
 Hardware stack levels required when called:    6
 This function calls:
		_EEPROM_Write
		___awdiv
		___bmul
 This function is called by:
		_main
 This function uses a non-reentrant model


 *************** function _Storage_Init *****************
 Defined at:
		line 9 in file "storage.c"
 Parameters:    Size  Location     Type
		None
 Auto vars:     Size  Location     Type
  backup_val      1   17[BANK0 ] unsigned char 
  main_val        1   16[BANK0 ] unsigned char 
  init_flag       1   15[BANK0 ] unsigned char 
 Return value:  Size  Location     Type
                  1    wreg      void 
 Registers used:
		wreg, status,2, status,0, pclath, cstack
 Tracked objects:
		On entry : 
		On exit  : 
		Unchanged: 
 Data sizes:     COMMON   BANK0   BANK1   BANK2   BANK3   BANK4   BANK5   BANK6
      Params:         0       0       0       0       0       0       0       0
      Locals:         0       3       0       0       0       0       0       0
      Temps:          0       0       0       0       0       0       0       0
      Totals:         0       3       0       0       0       0       0       0
Total ram usage:        3 bytes
 Hardware stack levels used:    1
 Hardware stack levels required when called:    6
 This function calls:
		_EEPROM_Read
		_EEPROM_Write
		___lwdiv
		___wmul
 This function is called by:
		_main
 This function uses a non-reentrant model


 *************** function ___wmul *****************
 Defined at:
		line 15 in file "C:\Program Files (x86)\CCompiler\Compiler\data\sources\common\Umul16.c"
 Parameters:    Size  Location     Type
  multiplier      2    9[BANK0 ] unsigned int 
  multiplicand    2   11[BANK0 ] unsigned int 
 Auto vars:     Size  Location     Type
  product         2   13[BANK0 ] unsigned int 
 Return value:  Size  Location     Type
                  2    9[BANK0 ] unsigned int 
 Registers used:
		wreg, status,2, status,0
 Tracked objects:
		On entry : 
		On exit  : 
		Unchanged: 
 Data sizes:     COMMON   BANK0   BANK1   BANK2   BANK3   BANK4   BANK5   BANK6
      Params:         0       4       0       0       0       0       0       0
      Locals:         0       2       0       0       0       0       0       0
      Temps:          0       0       0       0       0       0       0       0
      Totals:         0       6       0       0       0       0       0       0
Total ram usage:        6 bytes
 Hardware stack levels used:    1
 Hardware stack levels required when called:    5
 This function calls:
		Nothing
 This function is called by:
		_Storage_Init
 This function uses a non-reentrant model


 *************** function _EEPROM_Write *****************
 Defined at:
		line 133 in file "hardware.c"
 Parameters:    Size  Location     Type
  addr            1    wreg     unsigned char 
  data            1    2[BANK0 ] unsigned char 
 Auto vars:     Size  Location     Type
  addr            1    3[BANK0 ] unsigned char 
 Return value:  Size  Location     Type
                  1    wreg      void 
 Registers used:
		wreg
 Tracked objects:
		On entry : 
		On exit  : 
		Unchanged: 
 Data sizes:     COMMON   BANK0   BANK1   BANK2   BANK3   BANK4   BANK5   BANK6
      Params:         0       1       0       0       0       0       0       0
      Locals:         0       1       0       0       0       0       0       0
      Temps:          0       0       0       0       0       0       0       0
      Totals:         0       2       0       0       0       0       0       0
Total ram usage:        2 bytes
 Hardware stack levels used:    1
 Hardware stack levels required when called:    5
 This function calls:
		Nothing
 This function is called by:
		_Storage_Init
		_Storage_SaveOnPowerLoss
 This function uses a non-reentrant model


 *************** function _EEPROM_Read *****************
 Defined at:
		line 117 in file "hardware.c"
 Parameters:    Size  Location     Type
  addr            1    wreg     unsigned char 
 Auto vars:     Size  Location     Type
  addr            1    2[BANK0 ] unsigned char 
 Return value:  Size  Location     Type
                  1    wreg      unsigned char 
 Registers used:
		wreg
 Tracked objects:
		On entry : 
		On exit  : 
		Unchanged: 
 Data sizes:     COMMON   BANK0   BANK1   BANK2   BANK3   BANK4   BANK5   BANK6
      Params:         0       0       0       0       0       0       0       0
      Locals:         0       1       0       0       0       0       0       0
      Temps:          0       0       0       0       0       0       0       0
      Totals:         0       1       0       0       0       0       0       0
Total ram usage:        1 bytes
 Hardware stack levels used:    1
 Hardware stack levels required when called:    5
 This function calls:
		Nothing
 This function is called by:
		_Storage_Init
 This function uses a non-reentrant model


 *************** function _KEY_Scan *****************
 Defined at:
		line 10 in file "key.c"
 Parameters:    Size  Location     Type
		None
 Auto vars:     Size  Location     Type
		None
 Return value:  Size  Location     Type
                  1    wreg      void 
 Registers used:
		wreg, fsr0l, fsr0h, status,2, status,0
 Tracked objects:
		On entry : 
		On exit  : 
		Unchanged: 
 Data sizes:     COMMON   BANK0   BANK1   BANK2   BANK3   BANK4   BANK5   BANK6
      Params:         0       0       0       0       0       0       0       0
      Locals:         0       0       0       0       0       0       0       0
      Temps:          0       0       0       0       0       0       0       0
      Totals:         0       0       0       0       0       0       0       0
Total ram usage:        0 bytes
 Hardware stack levels used:    1
 Hardware stack levels required when called:    5
 This function calls:
		Nothing
 This function is called by:
		_main
 This function uses a non-reentrant model


 *************** function _KEY_Process *****************
 Defined at:
		line 81 in file "key.c"
 Parameters:    Size  Location     Type
		None
 Auto vars:     Size  Location     Type
  target          1   13[BANK0 ] unsigned char 
 Return value:  Size  Location     Type
                  1    wreg      void 
 Registers used:
		wreg, fsr0l, fsr0h, status,2, status,0, pclath, cstack
 Tracked objects:
		On entry : 
		On exit  : 
		Unchanged: 
 Data sizes:     COMMON   BANK0   BANK1   BANK2   BANK3   BANK4   BANK5   BANK6
      Params:         0       0       0       0       0       0       0       0
      Locals:         0       1       0       0       0       0       0       0
      Temps:          0       0       0       0       0       0       0       0
      Totals:         0       1       0       0       0       0       0       0
Total ram usage:        1 bytes
 Hardware stack levels used:    1
 Hardware stack levels required when called:    6
 This function calls:
		_Buzzer_Beep
		___awdiv
		___bmul
 This function is called by:
		_main
 This function uses a non-reentrant model


 *************** function ___bmul *****************
 Defined at:
		line 4 in file "C:\Program Files (x86)\CCompiler\Compiler\data\sources\common\Umul8.c"
 Parameters:    Size  Location     Type
  multiplier      1    wreg     unsigned char 
  multiplicand    1   10[BANK0 ] unsigned char 
 Auto vars:     Size  Location     Type
  multiplier      1   12[BANK0 ] unsigned char 
  product         1   11[BANK0 ] unsigned char 
 Return value:  Size  Location     Type
                  1    wreg      unsigned char 
 Registers used:
		wreg, status,2, status,0
 Tracked objects:
		On entry : 
		On exit  : 
		Unchanged: 
 Data sizes:     COMMON   BANK0   BANK1   BANK2   BANK3   BANK4   BANK5   BANK6
      Params:         0       1       0       0       0       0       0       0
      Locals:         0       2       0       0       0       0       0       0
      Temps:          0       0       0       0       0       0       0       0
      Totals:         0       3       0       0       0       0       0       0
Total ram usage:        3 bytes
 Hardware stack levels used:    1
 Hardware stack levels required when called:    5
 This function calls:
		Nothing
 This function is called by:
		_KEY_Process
		_Storage_SaveOnPowerLoss
 This function uses a non-reentrant model


 *************** function ___awdiv *****************
 Defined at:
		line 6 in file "C:\Program Files (x86)\CCompiler\Compiler\data\sources\common\awdiv.c"
 Parameters:    Size  Location     Type
  divisor         2    2[BANK0 ] int 
  dividend        2    4[BANK0 ] int 
 Auto vars:     Size  Location     Type
  quotient        2    8[BANK0 ] int 
  sign            1    7[BANK0 ] unsigned char 
  counter         1    6[BANK0 ] unsigned char 
 Return value:  Size  Location     Type
                  2    2[BANK0 ] int 
 Registers used:
		wreg, status,2, status,0
 Tracked objects:
		On entry : 
		On exit  : 
		Unchanged: 
 Data sizes:     COMMON   BANK0   BANK1   BANK2   BANK3   BANK4   BANK5   BANK6
      Params:         0       4       0       0       0       0       0       0
      Locals:         0       4       0       0       0       0       0       0
      Temps:          0       0       0       0       0       0       0       0
      Totals:         0       8       0       0       0       0       0       0
Total ram usage:        8 bytes
 Hardware stack levels used:    1
 Hardware stack levels required when called:    5
 This function calls:
		Nothing
 This function is called by:
		_KEY_Process
		_Storage_SaveOnPowerLoss
 This function uses a non-reentrant model


 *************** function _IR_Process *****************
 Defined at:
		line 91 in file "ir.c"
 Parameters:    Size  Location     Type
		None
 Auto vars:     Size  Location     Type
		None
 Return value:  Size  Location     Type
                  1    wreg      void 
 Registers used:
		wreg, fsr0l, fsr0h, status,2, status,0, pclath, cstack
 Tracked objects:
		On entry : 
		On exit  : 
		Unchanged: 
 Data sizes:     COMMON   BANK0   BANK1   BANK2   BANK3   BANK4   BANK5   BANK6
      Params:         0       0       0       0       0       0       0       0
      Locals:         0       0       0       0       0       0       0       0
      Temps:          0       0       0       0       0       0       0       0
      Totals:         0       0       0       0       0       0       0       0
Total ram usage:        0 bytes
 Hardware stack levels used:    1
 Hardware stack levels required when called:    6
 This function calls:
		_Buzzer_Beep
 This function is called by:
		_main
 This function uses a non-reentrant model


 *************** function _Buzzer_Beep *****************
 Defined at:
		line 26 in file "buzzer.c"
 Parameters:    Size  Location     Type
		None
 Auto vars:     Size  Location     Type
		None
 Return value:  Size  Location     Type
                  1    wreg      void 
 Registers used:
		wreg, status,2, status,0
 Tracked objects:
		On entry : 
		On exit  : 
		Unchanged: 
 Data sizes:     COMMON   BANK0   BANK1   BANK2   BANK3   BANK4   BANK5   BANK6
      Params:         0       0       0       0       0       0       0       0
      Locals:         0       0       0       0       0       0       0       0
      Temps:          0       0       0       0       0       0       0       0
      Totals:         0       0       0       0       0       0       0       0
Total ram usage:        0 bytes
 Hardware stack levels used:    1
 Hardware stack levels required when called:    5
 This function calls:
		Nothing
 This function is called by:
		_IR_Process
		_KEY_Process
 This function uses a non-reentrant model


 *************** function _IO_Int_Init *****************
 Defined at:
		line 107 in file "hardware.c"
 Parameters:    Size  Location     Type
		None
 Auto vars:     Size  Location     Type
		None
 Return value:  Size  Location     Type
                  1    wreg      void 
 Registers used:
		wreg, status,2
 Tracked objects:
		On entry : 
		On exit  : 
		Unchanged: 
 Data sizes:     COMMON   BANK0   BANK1   BANK2   BANK3   BANK4   BANK5   BANK6
      Params:         0       0       0       0       0       0       0       0
      Locals:         0       0       0       0       0       0       0       0
      Temps:          0       0       0       0       0       0       0       0
      Totals:         0       0       0       0       0       0       0       0
Total ram usage:        0 bytes
 Hardware stack levels used:    1
 Hardware stack levels required when called:    5
 This function calls:
		Nothing
 This function is called by:
		_main
 This function uses a non-reentrant model


 *************** function _Display_Update *****************
 Defined at:
		line 43 in file "display.c"
 Parameters:    Size  Location     Type
		None
 Auto vars:     Size  Location     Type
  val             2   12[BANK0 ] unsigned int 
  ge              1   11[BANK0 ] unsigned char 
  shi             1   10[BANK0 ] unsigned char 
  bai             1    9[BANK0 ] unsigned char 
 Return value:  Size  Location     Type
                  1    wreg      void 
 Registers used:
		wreg, fsr0l, fsr0h, status,2, status,0, pclath, cstack
 Tracked objects:
		On entry : 
		On exit  : 
		Unchanged: 
 Data sizes:     COMMON   BANK0   BANK1   BANK2   BANK3   BANK4   BANK5   BANK6
      Params:         0       0       0       0       0       0       0       0
      Locals:         0       5       0       0       0       0       0       0
      Temps:          0       0       0       0       0       0       0       0
      Totals:         0       5       0       0       0       0       0       0
Total ram usage:        5 bytes
 Hardware stack levels used:    1
 Hardware stack levels required when called:    6
 This function calls:
		_DelayShort
		_Seg_Set
		___lwdiv
		___lwmod
 This function is called by:
		_main
 This function uses a non-reentrant model


 *************** function ___lwmod *****************
 Defined at:
		line 6 in file "C:\Program Files (x86)\CCompiler\Compiler\data\sources\common\lwmod.c"
 Parameters:    Size  Location     Type
  divisor         2    2[BANK0 ] unsigned int 
  dividend        2    4[BANK0 ] unsigned int 
 Auto vars:     Size  Location     Type
  counter         1    6[BANK0 ] unsigned char 
 Return value:  Size  Location     Type
                  2    2[BANK0 ] unsigned int 
 Registers used:
		wreg, status,2, status,0
 Tracked objects:
		On entry : 
		On exit  : 
		Unchanged: 
 Data sizes:     COMMON   BANK0   BANK1   BANK2   BANK3   BANK4   BANK5   BANK6
      Params:         0       4       0       0       0       0       0       0
      Locals:         0       1       0       0       0       0       0       0
      Temps:          0       0       0       0       0       0       0       0
      Totals:         0       5       0       0       0       0       0       0
Total ram usage:        5 bytes
 Hardware stack levels used:    1
 Hardware stack levels required when called:    5
 This function calls:
		Nothing
 This function is called by:
		_Display_Update
 This function uses a non-reentrant model


 *************** function ___lwdiv *****************
 Defined at:
		line 6 in file "C:\Program Files (x86)\CCompiler\Compiler\data\sources\common\lwdiv.c"
 Parameters:    Size  Location     Type
  divisor         2    2[BANK0 ] unsigned int 
  dividend        2    4[BANK0 ] unsigned int 
 Auto vars:     Size  Location     Type
  quotient        2    6[BANK0 ] unsigned int 
  counter         1    8[BANK0 ] unsigned char 
 Return value:  Size  Location     Type
                  2    2[BANK0 ] unsigned int 
 Registers used:
		wreg, status,2, status,0
 Tracked objects:
		On entry : 
		On exit  : 
		Unchanged: 
 Data sizes:     COMMON   BANK0   BANK1   BANK2   BANK3   BANK4   BANK5   BANK6
      Params:         0       4       0       0       0       0       0       0
      Locals:         0       3       0       0       0       0       0       0
      Temps:          0       0       0       0       0       0       0       0
      Totals:         0       7       0       0       0       0       0       0
Total ram usage:        7 bytes
 Hardware stack levels used:    1
 Hardware stack levels required when called:    5
 This function calls:
		Nothing
 This function is called by:
		_Display_Update
		_Storage_Init
 This function uses a non-reentrant model


 *************** function _Seg_Set *****************
 Defined at:
		line 8 in file "display.c"
 Parameters:    Size  Location     Type
  digit           1    wreg     unsigned char 
 Auto vars:     Size  Location     Type
  digit           1    2[BANK0 ] unsigned char 
 Return value:  Size  Location     Type
                  1    wreg      void 
 Registers used:
		wreg, fsr0l, fsr0h, status,2, status,0
 Tracked objects:
		On entry : 
		On exit  : 
		Unchanged: 
 Data sizes:     COMMON   BANK0   BANK1   BANK2   BANK3   BANK4   BANK5   BANK6
      Params:         0       0       0       0       0       0       0       0
      Locals:         0       1       0       0       0       0       0       0
      Temps:          0       0       0       0       0       0       0       0
      Totals:         0       1       0       0       0       0       0       0
Total ram usage:        1 bytes
 Hardware stack levels used:    1
 Hardware stack levels required when called:    5
 This function calls:
		Nothing
 This function is called by:
		_Display_Update
 This function uses a non-reentrant model


 *************** function _DelayShort *****************
 Defined at:
		line 32 in file "display.c"
 Parameters:    Size  Location     Type
  n               2    2[BANK0 ] unsigned int 
 Auto vars:     Size  Location     Type
  j               2    6[BANK0 ] unsigned int 
  i               2    4[BANK0 ] unsigned int 
 Return value:  Size  Location     Type
                  1    wreg      void 
 Registers used:
		wreg, status,2, status,0
 Tracked objects:
		On entry : 
		On exit  : 
		Unchanged: 
 Data sizes:     COMMON   BANK0   BANK1   BANK2   BANK3   BANK4   BANK5   BANK6
      Params:         0       2       0       0       0       0       0       0
      Locals:         0       4       0       0       0       0       0       0
      Temps:          0       0       0       0       0       0       0       0
      Totals:         0       6       0       0       0       0       0       0
Total ram usage:        6 bytes
 Hardware stack levels used:    1
 Hardware stack levels required when called:    5
 This function calls:
		Nothing
 This function is called by:
		_Display_Update
 This function uses a non-reentrant model


 *************** function _Display_Off *****************
 Defined at:
		line 82 in file "display.c"
 Parameters:    Size  Location     Type
		None
 Auto vars:     Size  Location     Type
		None
 Return value:  Size  Location     Type
                  1    wreg      void 
 Registers used:
		None
 Tracked objects:
		On entry : 
		On exit  : 
		Unchanged: 
 Data sizes:     COMMON   BANK0   BANK1   BANK2   BANK3   BANK4   BANK5   BANK6
      Params:         0       0       0       0       0       0       0       0
      Locals:         0       0       0       0       0       0       0       0
      Temps:          0       0       0       0       0       0       0       0
      Totals:         0       0       0       0       0       0       0       0
Total ram usage:        0 bytes
 Hardware stack levels used:    1
 Hardware stack levels required when called:    5
 This function calls:
		Nothing
 This function is called by:
		_main
 This function uses a non-reentrant model


 *************** function _Device_Init *****************
 Defined at:
		line 9 in file "hardware.c"
 Parameters:    Size  Location     Type
		None
 Auto vars:     Size  Location     Type
		None
 Return value:  Size  Location     Type
                  1    wreg      void 
 Registers used:
		wreg, status,2
 Tracked objects:
		On entry : 
		On exit  : 
		Unchanged: 
 Data sizes:     COMMON   BANK0   BANK1   BANK2   BANK3   BANK4   BANK5   BANK6
      Params:         0       0       0       0       0       0       0       0
      Locals:         0       0       0       0       0       0       0       0
      Temps:          0       0       0       0       0       0       0       0
      Totals:         0       0       0       0       0       0       0       0
Total ram usage:        0 bytes
 Hardware stack levels used:    1
 Hardware stack levels required when called:    5
 This function calls:
		Nothing
 This function is called by:
		_main
 This function uses a non-reentrant model


 *************** function _ISR *****************
 Defined at:
		line 11 in file "isr.c"
 Parameters:    Size  Location     Type
		None
 Auto vars:     Size  Location     Type
		None
 Return value:  Size  Location     Type
                  1    wreg      void 
 Registers used:
		wreg, fsr0l, fsr0h, status,2, status,0, pclath, cstack
 Tracked objects:
		On entry : 
		On exit  : 
		Unchanged: 
 Data sizes:     COMMON   BANK0   BANK1   BANK2   BANK3   BANK4   BANK5   BANK6
      Params:         0       0       0       0       0       0       0       0
      Locals:         0       0       0       0       0       0       0       0
      Temps:          0       0       0       0       0       0       0       0
      Totals:         0       0       0       0       0       0       0       0
Total ram usage:        0 bytes
 Hardware stack levels used:    1
 Hardware stack levels required when called:    4
 This function calls:
		_user_isr
 This function is called by:
		Interrupt level 1
 This function uses a non-reentrant model


 *************** function _user_isr *****************
 Defined at:
		line 40 in file "isr.c"
 Parameters:    Size  Location     Type
		None
 Auto vars:     Size  Location     Type
		None
 Return value:  Size  Location     Type
                  1    wreg      void 
 Registers used:
		wreg, fsr0l, fsr0h, status,2, status,0, pclath, cstack
 Tracked objects:
		On entry : 
		On exit  : 
		Unchanged: 
 Data sizes:     COMMON   BANK0   BANK1   BANK2   BANK3   BANK4   BANK5   BANK6
      Params:         0       0       0       0       0       0       0       0
      Locals:         0       0       0       0       0       0       0       0
      Temps:          0       0       0       0       0       0       0       0
      Totals:         0       0       0       0       0       0       0       0
Total ram usage:        0 bytes
 Hardware stack levels used:    1
 Hardware stack levels required when called:    3
 This function calls:
		_Buzzer_Tick
		_Buzzer_Toggle
		_IR_Sample
		_SCR_OnZeroCross
		_SoftStart_Process
 This function is called by:
		_ISR
 This function uses a non-reentrant model


 *************** function _SoftStart_Process *****************
 Defined at:
		line 109 in file "scr.c"
 Parameters:    Size  Location     Type
		None
 Auto vars:     Size  Location     Type
		None
 Return value:  Size  Location     Type
                  1    wreg      void 
 Registers used:
		wreg, status,2, status,0
 Tracked objects:
		On entry : 
		On exit  : 
		Unchanged: 
 Data sizes:     COMMON   BANK0   BANK1   BANK2   BANK3   BANK4   BANK5   BANK6
      Params:         0       0       0       0       0       0       0       0
      Locals:         0       0       0       0       0       0       0       0
      Temps:          2       0       0       0       0       0       0       0
      Totals:         2       0       0       0       0       0       0       0
Total ram usage:        2 bytes
 Hardware stack levels used:    1
 This function calls:
		Nothing
 This function is called by:
		_user_isr
 This function uses a non-reentrant model


 *************** function _SCR_OnZeroCross *****************
 Defined at:
		line 57 in file "scr.c"
 Parameters:    Size  Location     Type
		None
 Auto vars:     Size  Location     Type
		None
 Return value:  Size  Location     Type
                  1    wreg      void 
 Registers used:
		wreg, fsr0l, fsr0h, status,2, status,0, pclath, cstack
 Tracked objects:
		On entry : 
		On exit  : 
		Unchanged: 
 Data sizes:     COMMON   BANK0   BANK1   BANK2   BANK3   BANK4   BANK5   BANK6
      Params:         0       0       0       0       0       0       0       0
      Locals:         0       0       0       0       0       0       0       0
      Temps:          0       0       0       0       0       0       0       0
      Totals:         0       0       0       0       0       0       0       0
Total ram usage:        0 bytes
 Hardware stack levels used:    1
 Hardware stack levels required when called:    2
 This function calls:
		_SCR_LookupAngle
 This function is called by:
		_user_isr
 This function uses a non-reentrant model


 *************** function _SCR_LookupAngle *****************
 Defined at:
		line 40 in file "scr.c"
 Parameters:    Size  Location     Type
  dis_num         1    wreg     unsigned char 
 Auto vars:     Size  Location     Type
  dis_num         1    0[BANK0 ] unsigned char 
  idx             1    1[BANK0 ] unsigned char 
 Return value:  Size  Location     Type
                  2    8[COMMON] unsigned int 
 Registers used:
		wreg, fsr0l, fsr0h, status,2, status,0, pclath, cstack
 Tracked objects:
		On entry : 
		On exit  : 
		Unchanged: 
 Data sizes:     COMMON   BANK0   BANK1   BANK2   BANK3   BANK4   BANK5   BANK6
      Params:         2       0       0       0       0       0       0       0
      Locals:         0       2       0       0       0       0       0       0
      Temps:          2       0       0       0       0       0       0       0
      Totals:         4       2       0       0       0       0       0       0
Total ram usage:        6 bytes
 Hardware stack levels used:    1
 Hardware stack levels required when called:    1
 This function calls:
		i1___awdiv
 This function is called by:
		_SCR_OnZeroCross
 This function uses a non-reentrant model


 *************** function i1___awdiv *****************
 Defined at:
		line 6 in file "C:\Program Files (x86)\CCompiler\Compiler\data\sources\common\awdiv.c"
 Parameters:    Size  Location     Type
  divisor         2    0[COMMON] int 
  dividend        2    2[COMMON] int 
 Auto vars:     Size  Location     Type
  __awdiv         2    6[COMMON] int 
  __awdiv         1    5[COMMON] unsigned char 
  __awdiv         1    4[COMMON] unsigned char 
 Return value:  Size  Location     Type
                  2    0[COMMON] int 
 Registers used:
		wreg, status,2, status,0
 Tracked objects:
		On entry : 
		On exit  : 
		Unchanged: 
 Data sizes:     COMMON   BANK0   BANK1   BANK2   BANK3   BANK4   BANK5   BANK6
      Params:         4       0       0       0       0       0       0       0
      Locals:         4       0       0       0       0       0       0       0
      Temps:          0       0       0       0       0       0       0       0
      Totals:         8       0       0       0       0       0       0       0
Total ram usage:        8 bytes
 Hardware stack levels used:    1
 This function calls:
		Nothing
 This function is called by:
		_SCR_LookupAngle
 This function uses a non-reentrant model


 *************** function _IR_Sample *****************
 Defined at:
		line 30 in file "ir.c"
 Parameters:    Size  Location     Type
		None
 Auto vars:     Size  Location     Type
  sample          1    2[COMMON] unsigned char 
  cur_level       1    1[COMMON] unsigned char 
 Return value:  Size  Location     Type
                  1    wreg      void 
 Registers used:
		wreg, status,2, status,0
 Tracked objects:
		On entry : 
		On exit  : 
		Unchanged: 
 Data sizes:     COMMON   BANK0   BANK1   BANK2   BANK3   BANK4   BANK5   BANK6
      Params:         0       0       0       0       0       0       0       0
      Locals:         2       0       0       0       0       0       0       0
      Temps:          1       0       0       0       0       0       0       0
      Totals:         3       0       0       0       0       0       0       0
Total ram usage:        3 bytes
 Hardware stack levels used:    1
 This function calls:
		Nothing
 This function is called by:
		_user_isr
 This function uses a non-reentrant model


 *************** function _Buzzer_Toggle *****************
 Defined at:
		line 39 in file "buzzer.c"
 Parameters:    Size  Location     Type
		None
 Auto vars:     Size  Location     Type
		None
 Return value:  Size  Location     Type
                  1    wreg      void 
 Registers used:
		wreg, status,2, status,0
 Tracked objects:
		On entry : 
		On exit  : 
		Unchanged: 
 Data sizes:     COMMON   BANK0   BANK1   BANK2   BANK3   BANK4   BANK5   BANK6
      Params:         0       0       0       0       0       0       0       0
      Locals:         0       0       0       0       0       0       0       0
      Temps:          0       0       0       0       0       0       0       0
      Totals:         0       0       0       0       0       0       0       0
Total ram usage:        0 bytes
 Hardware stack levels used:    1
 This function calls:
		Nothing
 This function is called by:
		_user_isr
 This function uses a non-reentrant model


 *************** function _Buzzer_Tick *****************
 Defined at:
		line 60 in file "buzzer.c"
 Parameters:    Size  Location     Type
		None
 Auto vars:     Size  Location     Type
		None
 Return value:  Size  Location     Type
                  1    wreg      void 
 Registers used:
		wreg, status,2, status,0
 Tracked objects:
		On entry : 
		On exit  : 
		Unchanged: 
 Data sizes:     COMMON   BANK0   BANK1   BANK2   BANK3   BANK4   BANK5   BANK6
      Params:         0       0       0       0       0       0       0       0
      Locals:         0       0       0       0       0       0       0       0
      Temps:          0       0       0       0       0       0       0       0
      Totals:         0       0       0       0       0       0       0       0
Total ram usage:        0 bytes
 Hardware stack levels used:    1
 This function calls:
		Nothing
 This function is called by:
		_user_isr
 This function uses a non-reentrant model



MODULE INFORMATION

Module		Function		Class		Link	Load	Size
C:\Program Files (x86)\CCompiler\Compiler\data\sources\common\lwdiv.c
		___lwdiv       		CODE           	02A9	0000	38

C:\Program Files (x86)\CCompiler\Compiler\data\sources\common\lwdiv.c estimated size: 38

C:\Program Files (x86)\CCompiler\Compiler\data\sources\common\awdiv.c
		___awdiv       		CODE           	0123	0000	65

C:\Program Files (x86)\CCompiler\Compiler\data\sources\common\awdiv.c estimated size: 65

buzzer.c
		_Buzzer_Tick   		CODE           	0465	0000	14
		_Buzzer_Beep   		CODE           	011C	0000	8
		_Buzzer_Toggle 		CODE           	0472	0000	17

buzzer.c estimated size: 39

storage.c
		_Storage_SaveOnPowerLoss		CODE           	0077	0000	43
		_Storage_Init  		CODE           	016F	0000	96

storage.c estimated size: 139

C:\Program Files (x86)\CCompiler\Compiler\data\sources\common\Umul16.c
		___wmul        		CODE           	05D1	0000	22

C:\Program Files (x86)\CCompiler\Compiler\data\sources\common\Umul16.c estimated size: 22

C:\Program Files (x86)\CCompiler\Compiler\data\sources\common\Umul8.c
		___bmul        		CODE           	0163	0000	13

C:\Program Files (x86)\CCompiler\Compiler\data\sources\common\Umul8.c estimated size: 13

scr.c
		_SoftStart_Process		CODE           	0571	0000	55
		_SCR_OnZeroCross		CODE           	04CA	0000	61
		_SCR_LookupAngle		CODE           	0506	0000	44

scr.c estimated size: 160

key.c
		_KEY_Scan      		CODE           	0368	0000	103
		_KEY_Process   		CODE           	00A1	0000	124

key.c estimated size: 227

isr.c
		_ISR           		CODE           	0004	0000	29
		_user_isr      		CODE           	0429	0000	61

isr.c estimated size: 90

shared
		PL12           		CODE           	040C	0000	7
		PL8            		CODE           	0401	0000	7
		PL14           		CODE           	0412	0000	5
		i1___awdiv     		CODE           	0531	0000	65
		__initialization		CODE           	0022	0000	10
		_AngleTable    		STRCODE        	05A7	0000	43
		PL2            		CODE           	03E9	0000	11
		PL10           		CODE           	0407	0000	6
		PL4            		CODE           	03F3	0000	7
		PL6            		CODE           	03F9	0000	9

shared estimated size: 170

100A_SCR_Regulator.C
		_main          		CODE           	002F	0000	73

100A_SCR_Regulator.C estimated size: 73

ir.c
		_IR_Sample     		CODE           	0482	0000	73
		_IR_Process    		CODE           	0330	0000	57

ir.c estimated size: 130

hardware.c
		_IO_Int_Init   		CODE           	0328	0000	9
		_Device_Init   		CODE           	02EE	0000	53
		_EEPROM_Read   		CODE           	01ED	0000	15
		_EEPROM_Write  		CODE           	01CE	0000	32
		_Timer1_Init   		CODE           	03CE	0000	28
		_Timer4_Init   		CODE           	05FA	0000	15
		_Timer2_Init   		CODE           	0416	0000	20

hardware.c estimated size: 172

C:\Program Files (x86)\CCompiler\Compiler\data\sources\common\lwmod.c
		___lwmod       		CODE           	02CE	0000	33

C:\Program Files (x86)\CCompiler\Compiler\data\sources\common\lwmod.c estimated size: 33

display.c
		_Display_Update		CODE           	01FB	0000	84
		_Seg_Set       		CODE           	024E	0000	66
		_Display_Off   		CODE           	0322	0000	7
		_DelayShort    		CODE           	028F	0000	27

display.c estimated size: 184

